// Jest Snapshot v1, https://goo.gl/fbAQLP

exports[`delete option visible only to authorized user 1`] = `
<span>
  <div
    className="MuiPaper-root MuiCard-root makeStyles-card-1 MuiPaper-elevation1 MuiPaper-rounded"
  >
    <div
      className="MuiCardHeader-root makeStyles-cardHeader-3"
    >
      <div
        className="MuiCardHeader-content"
      >
        <h4
          className="MuiTypography-root MuiTypography-h4"
        />
      </div>
      <div
        className="MuiCardHeader-action"
      >
        <button
          className="MuiButtonBase-root MuiIconButton-root"
          disabled={false}
          onBlur={[Function]}
          onClick={[Function]}
          onDragLeave={[Function]}
          onFocus={[Function]}
          onKeyDown={[Function]}
          onKeyUp={[Function]}
          onMouseDown={[Function]}
          onMouseLeave={[Function]}
          onMouseUp={[Function]}
          onTouchEnd={[Function]}
          onTouchMove={[Function]}
          onTouchStart={[Function]}
          tabIndex={0}
          type="button"
        >
          <span
            className="MuiIconButton-label"
          >
            <svg
              aria-hidden={true}
              className="MuiSvgIcon-root"
              focusable="false"
              viewBox="0 0 24 24"
            >
              <path
                d="M6 19c0 1.1.9 2 2 2h8c1.1 0 2-.9 2-2V7H6v12zM19 4h-3.5l-1-1h-5l-1 1H5v2h14V4z"
              />
            </svg>
          </span>
        </button>
      </div>
    </div>
    <div
      className="MuiCardContent-root makeStyles-cardContent-2"
    >
      <div
        className="MuiGrid-root makeStyles-subtitle-4 MuiGrid-container MuiGrid-spacing-xs-8 MuiGrid-align-items-xs-center"
      >
        <p
          className="MuiTypography-root makeStyles-subtitleVals-12 MuiTypography-body1"
        >
          by
        </p>
        <div
          className="MuiAvatar-root MuiAvatar-circular makeStyles-subtitleVals-12"
        >
          <img
            className="MuiAvatar-img"
            src="/api/users/photo/5a3cb1779bcc621874d7e428"
          />
        </div>
        <a
          className="makeStyles-subtitleVals-12"
          href="/user/5a3cb1779bcc621874d7e428"
          onClick={[Function]}
          style={
            {
              "textDecoration": "none",
            }
          }
        >
          Joe
        </a>
      </div>
      <iframe
        allow="accelerometer; autoplay; clipboard-write; encrypted-media; gyroscope; picture-in-picture"
        allowfullscreen={true}
        frameborder="0"
        height="400"
        width="700"
      />
      <p
        className="MuiTypography-root makeStyles-text-9 MuiTypography-body1"
      />
      <p
        className="MuiTypography-root makeStyles-subtext-6 MuiTypography-body1"
      >
        Posted: Fri, Dec 22nd 2017, 1:20 AM 
      </p>
      <button
        className="MuiButtonBase-root MuiButton-root MuiButton-text makeStyles-likeButton-5 MuiButton-textPrimary"
        disabled={false}
        onBlur={[Function]}
        onClick={[Function]}
        onDragLeave={[Function]}
        onFocus={[Function]}
        onKeyDown={[Function]}
        onKeyUp={[Function]}
        onMouseDown={[Function]}
        onMouseLeave={[Function]}
        onMouseUp={[Function]}
        onTouchEnd={[Function]}
        onTouchMove={[Function]}
        onTouchStart={[Function]}
        tabIndex={0}
        type="button"
      >
        <span
          className="MuiButton-label"
        >
          <svg
            aria-hidden="true"
            className="svg-inline--fa fa-thumbs-up "
            data-icon="thumbs-up"
            data-prefix="fas"
            focusable="false"
            role="img"
            style={
              {
                "marginRight": "5px",
              }
            }
            viewBox="0 0 512 512"
            xmlns="http://www.w3.org/2000/svg"
          >
            <path
              d="M313.4 32.9c26 5.2 42.9 30.5 37.7 56.5l-2.3 11.4c-5.3 26.7-15.1 52.1-28.8 75.2H464c26.5 0 48 21.5 48 48c0 25.3-19.5 46-44.3 47.9c7.7 8.5 12.3 19.8 12.3 32.1c0 23.4-16.8 42.9-38.9 47.1c4.4 7.2 6.9 15.8 6.9 24.9c0 21.3-13.9 39.4-33.1 45.6c.7 3.3 1.1 6.8 1.1 10.4c0 26.5-21.5 48-48 48H294.5c-19 0-37.5-5.6-53.3-16.1l-38.5-25.7C176 420.4 160 390.4 160 358.3V320 272 247.1c0-29.2 13.3-56.7 36-75l7.4-5.9c26.5-21.2 44.6-51 51.2-84.2l2.3-11.4c5.2-26 30.5-42.9 56.5-37.7zM32 192H96c17.7 0 32 14.3 32 32V448c0 17.7-14.3 32-32 32H32c-17.7 0-32-14.3-32-32V224c0-17.7 14.3-32 32-32z"
              fill="currentColor"
              style={{}}
            />
          </svg>
          0 likes
        </span>
      </button>
      <hr
        className="MuiDivider-root"
      />
      <div
        className="makeStyles-root-13"
      >
        <div
          className="MuiCardHeader-root makeStyles-cardHeader-14"
        >
          <div
            className="MuiCardHeader-avatar"
          >
            <div
              className="MuiAvatar-root MuiAvatar-circular makeStyles-smallAvatar-15"
            >
              <img
                className="MuiAvatar-img"
                src="/api/users/photo/5a3cb1779bcc621874d7e428"
              />
            </div>
          </div>
          <div
            className="MuiCardHeader-content"
          >
            <span
              className="MuiTypography-root MuiCardHeader-title MuiTypography-body2 MuiTypography-displayBlock"
            >
              <div
                className="MuiFormControl-root MuiTextField-root makeStyles-commentField-16 MuiFormControl-marginNormal"
                onKeyDown={[Function]}
              >
                <div
                  className="MuiInputBase-root MuiInput-root MuiInput-underline MuiInputBase-formControl MuiInput-formControl MuiInputBase-multiline MuiInput-multiline MuiInputBase-adornedEnd"
                  onClick={[Function]}
                >
                  <textarea
                    aria-invalid={false}
                    autoFocus={false}
                    className="MuiInputBase-input MuiInput-input MuiInputBase-inputMultiline MuiInput-inputMultiline MuiInputBase-inputAdornedEnd"
                    disabled={false}
                    onAnimationStart={[Function]}
                    onBlur={[Function]}
                    onChange={[Function]}
                    onFocus={[Function]}
                    placeholder="Write public comment ..."
                    required={false}
                    rows={1}
                    style={
                      {
                        "height": undefined,
                        "overflow": null,
                      }
                    }
                    value=""
                  />
                  <textarea
                    aria-hidden={true}
                    className="MuiInputBase-input MuiInput-input MuiInputBase-inputMultiline MuiInput-inputMultiline MuiInputBase-inputAdornedEnd"
                    readOnly={true}
                    style={
                      {
                        "height": 0,
                        "left": 0,
                        "overflow": "hidden",
                        "position": "absolute",
                        "top": 0,
                        "transform": "translateZ(0)",
                        "visibility": "hidden",
                      }
                    }
                    tabIndex={-1}
                  />
                  <div
                    className="MuiInputAdornment-root MuiInputAdornment-positionEnd"
                  >
                    <p
                      className="MuiTypography-root MuiTypography-body1 MuiTypography-colorTextSecondary"
                    >
                      
                    </p>
                  </div>
                </div>
              </div>
            </span>
          </div>
        </div>
      </div>
    </div>
  </div>
</span>
`;
